---
source: crates/rtco-cli/src/cmds/git/git.rs
expression: output
---
On branch main
Your branch is up to date with 'origin/main'.
Changes to be committed:
	modified:   src/core/filter.rs
	modified:   src/cmds/git/git.rs
	new file:   tests/fixtures/git/git_log.txt
Changes not staged for commit:
	modified:   Cargo.toml
	modified:   src/main.rs
	deleted:    docs/old_architecture.md
Untracked files:
	tests/fixtures/gh/
	tests/fixtures/js/
	tests/fixtures/git/
	scripts/benchmark.sh
	.claude/rules/
